// Jest Snapshot v1, https://goo.gl/fbAQLP

exports[`Pruebas en componente GifGridItem Debe mostrar <GifGridItem /> correctamente 1`] = `
<div
  className="card animate__animated animate__bounce"
>
  <img />
  <p>
     Titulo por defecto 
  </p>
</div>
`;
